[2022-12-19T11:13:28.210+0000][gc,heap] Heap region size: 1M
[2022-12-19T11:13:28.221+0000][gc     ] Using G1
[2022-12-19T11:13:28.221+0000][gc,heap,coops] Heap address: 0x00000000c0000000, size: 1024 MB, Compressed Oops mode: 32-bit
[2022-12-19T11:13:28.221+0000][gc,cds       ] Mark closed archive regions in map: [0x00000000fff00000, 0x00000000fff6aff8]
[2022-12-19T11:13:28.221+0000][gc,cds       ] Mark open archive regions in map: [0x00000000ffe00000, 0x00000000ffe47ff8]
[2022-12-19T11:13:29.634+0000][gc,start     ] GC(0) Pause Young (Normal) (G1 Evacuation Pause)
[2022-12-19T11:13:29.634+0000][gc,task      ] GC(0) Using 4 workers of 4 for evacuation
[2022-12-19T11:13:29.647+0000][gc,phases    ] GC(0)   Pre Evacuate Collection Set: 0.1ms
[2022-12-19T11:13:29.647+0000][gc,phases    ] GC(0)   Evacuate Collection Set: 12.2ms
[2022-12-19T11:13:29.647+0000][gc,phases    ] GC(0)   Post Evacuate Collection Set: 0.4ms
[2022-12-19T11:13:29.647+0000][gc,phases    ] GC(0)   Other: 0.8ms
[2022-12-19T11:13:29.647+0000][gc,heap      ] GC(0) Eden regions: 51->0(44)
[2022-12-19T11:13:29.647+0000][gc,heap      ] GC(0) Survivor regions: 0->7(7)
[2022-12-19T11:13:29.647+0000][gc,heap      ] GC(0) Old regions: 2->2
[2022-12-19T11:13:29.647+0000][gc,heap      ] GC(0) Humongous regions: 0->0
[2022-12-19T11:13:29.647+0000][gc,metaspace ] GC(0) Metaspace: 14031K(14848K)->14031K(14848K) NonClass: 12277K(12800K)->12277K(12800K) Class: 1754K(2048K)->1754K(2048K)
[2022-12-19T11:13:29.647+0000][gc           ] GC(0) Pause Young (Normal) (G1 Evacuation Pause) 51M->7M(1024M) 13.712ms
[2022-12-19T11:13:29.647+0000][gc,cpu       ] GC(0) User=0.04s Sys=0.01s Real=0.01s
[2022-12-19T11:13:30.337+0000][gc,start     ] GC(1) Pause Young (Concurrent Start) (Metadata GC Threshold)
[2022-12-19T11:13:30.337+0000][gc,task      ] GC(1) Using 4 workers of 4 for evacuation
[2022-12-19T11:13:30.351+0000][gc,phases    ] GC(1)   Pre Evacuate Collection Set: 0.1ms
[2022-12-19T11:13:30.351+0000][gc,phases    ] GC(1)   Evacuate Collection Set: 13.5ms
[2022-12-19T11:13:30.351+0000][gc,phases    ] GC(1)   Post Evacuate Collection Set: 0.5ms
[2022-12-19T11:13:30.351+0000][gc,phases    ] GC(1)   Other: 0.3ms
[2022-12-19T11:13:30.351+0000][gc,heap      ] GC(1) Eden regions: 32->0(49)
[2022-12-19T11:13:30.351+0000][gc,heap      ] GC(1) Survivor regions: 7->2(7)
[2022-12-19T11:13:30.351+0000][gc,heap      ] GC(1) Old regions: 2->9
[2022-12-19T11:13:30.351+0000][gc,heap      ] GC(1) Humongous regions: 0->0
[2022-12-19T11:13:30.351+0000][gc,metaspace ] GC(1) Metaspace: 20682K(21248K)->20682K(21248K) NonClass: 18145K(18432K)->18145K(18432K) Class: 2537K(2816K)->2537K(2816K)
[2022-12-19T11:13:30.351+0000][gc           ] GC(1) Pause Young (Concurrent Start) (Metadata GC Threshold) 38M->8M(1024M) 14.504ms
[2022-12-19T11:13:30.351+0000][gc,cpu       ] GC(1) User=0.04s Sys=0.00s Real=0.02s
[2022-12-19T11:13:30.351+0000][gc           ] GC(2) Concurrent Cycle
[2022-12-19T11:13:30.351+0000][gc,marking   ] GC(2) Concurrent Clear Claimed Marks
[2022-12-19T11:13:30.352+0000][gc,marking   ] GC(2) Concurrent Clear Claimed Marks 0.061ms
[2022-12-19T11:13:30.352+0000][gc,marking   ] GC(2) Concurrent Scan Root Regions
[2022-12-19T11:13:30.353+0000][gc,marking   ] GC(2) Concurrent Scan Root Regions 1.693ms
[2022-12-19T11:13:30.353+0000][gc,marking   ] GC(2) Concurrent Mark (2.165s)
[2022-12-19T11:13:30.353+0000][gc,marking   ] GC(2) Concurrent Mark From Roots
[2022-12-19T11:13:30.353+0000][gc,task      ] GC(2) Using 1 workers of 1 for marking
[2022-12-19T11:13:30.363+0000][gc,marking   ] GC(2) Concurrent Mark From Roots 9.982ms
[2022-12-19T11:13:30.363+0000][gc,marking   ] GC(2) Concurrent Preclean
[2022-12-19T11:13:30.363+0000][gc,marking   ] GC(2) Concurrent Preclean 0.126ms
[2022-12-19T11:13:30.364+0000][gc,marking   ] GC(2) Concurrent Mark (2.165s, 2.175s) 10.198ms
[2022-12-19T11:13:30.364+0000][gc,start     ] GC(2) Pause Remark
[2022-12-19T11:13:30.366+0000][gc,stringtable] GC(2) Cleaned string and symbol table, strings: 5183 processed, 0 removed, symbols: 52580 processed, 44 removed
[2022-12-19T11:13:30.367+0000][gc            ] GC(2) Pause Remark 9M->9M(1024M) 2.889ms
[2022-12-19T11:13:30.367+0000][gc,cpu        ] GC(2) User=0.01s Sys=0.00s Real=0.00s
[2022-12-19T11:13:30.367+0000][gc,marking    ] GC(2) Concurrent Rebuild Remembered Sets
[2022-12-19T11:13:30.373+0000][gc,marking    ] GC(2) Concurrent Rebuild Remembered Sets 6.099ms
[2022-12-19T11:13:30.373+0000][gc,start      ] GC(2) Pause Cleanup
[2022-12-19T11:13:30.373+0000][gc            ] GC(2) Pause Cleanup 9M->9M(1024M) 0.293ms
[2022-12-19T11:13:30.373+0000][gc,cpu        ] GC(2) User=0.00s Sys=0.00s Real=0.00s
[2022-12-19T11:13:30.373+0000][gc,marking    ] GC(2) Concurrent Cleanup for Next Mark
[2022-12-19T11:13:30.401+0000][gc,marking    ] GC(2) Concurrent Cleanup for Next Mark 27.847ms
[2022-12-19T11:13:30.401+0000][gc            ] GC(2) Concurrent Cycle 49.818ms
[2022-12-19T11:13:31.279+0000][gc,start      ] GC(3) Pause Young (Normal) (G1 Evacuation Pause)
[2022-12-19T11:13:31.279+0000][gc,task       ] GC(3) Using 4 workers of 4 for evacuation
[2022-12-19T11:13:31.289+0000][gc,phases     ] GC(3)   Pre Evacuate Collection Set: 0.0ms
[2022-12-19T11:13:31.289+0000][gc,phases     ] GC(3)   Evacuate Collection Set: 8.7ms
[2022-12-19T11:13:31.289+0000][gc,phases     ] GC(3)   Post Evacuate Collection Set: 0.5ms
[2022-12-19T11:13:31.289+0000][gc,phases     ] GC(3)   Other: 0.2ms
[2022-12-19T11:13:31.289+0000][gc,heap       ] GC(3) Eden regions: 49->0(46)
[2022-12-19T11:13:31.289+0000][gc,heap       ] GC(3) Survivor regions: 2->5(7)
[2022-12-19T11:13:31.289+0000][gc,heap       ] GC(3) Old regions: 9->9
[2022-12-19T11:13:31.289+0000][gc,heap       ] GC(3) Humongous regions: 129->129
[2022-12-19T11:13:31.289+0000][gc,metaspace  ] GC(3) Metaspace: 28746K(29952K)->28746K(29952K) NonClass: 25383K(26112K)->25383K(26112K) Class: 3362K(3840K)->3362K(3840K)
[2022-12-19T11:13:31.289+0000][gc            ] GC(3) Pause Young (Normal) (G1 Evacuation Pause) 186M->141M(1024M) 9.632ms
[2022-12-19T11:13:31.289+0000][gc,cpu        ] GC(3) User=0.03s Sys=0.00s Real=0.01s
[2022-12-19T11:13:31.806+0000][gc,start      ] GC(4) Pause Young (Concurrent Start) (Metadata GC Threshold)
[2022-12-19T11:13:31.806+0000][gc,task       ] GC(4) Using 4 workers of 4 for evacuation
[2022-12-19T11:13:31.828+0000][gc,mmu        ] GC(4) MMU target violated: 21.0ms (20.0ms/21.0ms)
[2022-12-19T11:13:31.828+0000][gc,phases     ] GC(4)   Pre Evacuate Collection Set: 0.1ms
[2022-12-19T11:13:31.828+0000][gc,phases     ] GC(4)   Evacuate Collection Set: 21.1ms
[2022-12-19T11:13:31.828+0000][gc,phases     ] GC(4)   Post Evacuate Collection Set: 0.4ms
[2022-12-19T11:13:31.828+0000][gc,phases     ] GC(4)   Other: 0.4ms
[2022-12-19T11:13:31.828+0000][gc,heap       ] GC(4) Eden regions: 30->0(49)
[2022-12-19T11:13:31.828+0000][gc,heap       ] GC(4) Survivor regions: 5->2(7)
[2022-12-19T11:13:31.828+0000][gc,heap       ] GC(4) Old regions: 9->13
[2022-12-19T11:13:31.828+0000][gc,heap       ] GC(4) Humongous regions: 129->129
[2022-12-19T11:13:31.828+0000][gc,metaspace  ] GC(4) Metaspace: 34463K(35840K)->34463K(35840K) NonClass: 30390K(31104K)->30390K(31104K) Class: 4072K(4736K)->4072K(4736K)
[2022-12-19T11:13:31.828+0000][gc            ] GC(4) Pause Young (Concurrent Start) (Metadata GC Threshold) 170M->142M(1024M) 22.179ms
[2022-12-19T11:13:31.828+0000][gc,cpu        ] GC(4) User=0.06s Sys=0.00s Real=0.02s
[2022-12-19T11:13:31.828+0000][gc            ] GC(5) Concurrent Cycle
[2022-12-19T11:13:31.828+0000][gc,marking    ] GC(5) Concurrent Clear Claimed Marks
[2022-12-19T11:13:31.828+0000][gc,marking    ] GC(5) Concurrent Clear Claimed Marks 0.119ms
[2022-12-19T11:13:31.828+0000][gc,marking    ] GC(5) Concurrent Scan Root Regions
[2022-12-19T11:13:31.830+0000][gc,marking    ] GC(5) Concurrent Scan Root Regions 2.014ms
[2022-12-19T11:13:31.830+0000][gc,marking    ] GC(5) Concurrent Mark (3.642s)
[2022-12-19T11:13:31.830+0000][gc,marking    ] GC(5) Concurrent Mark From Roots
[2022-12-19T11:13:31.830+0000][gc,task       ] GC(5) Using 1 workers of 1 for marking
[2022-12-19T11:13:31.869+0000][gc,marking    ] GC(5) Concurrent Mark From Roots 38.391ms
[2022-12-19T11:13:31.869+0000][gc,marking    ] GC(5) Concurrent Preclean
[2022-12-19T11:13:31.869+0000][gc,marking    ] GC(5) Concurrent Preclean 0.246ms
[2022-12-19T11:13:31.869+0000][gc,marking    ] GC(5) Concurrent Mark (3.642s, 3.681s) 38.901ms
[2022-12-19T11:13:31.869+0000][gc,start      ] GC(5) Pause Remark
[2022-12-19T11:13:31.874+0000][gc,stringtable] GC(5) Cleaned string and symbol table, strings: 10366 processed, 11 removed, symbols: 84141 processed, 15 removed
[2022-12-19T11:13:31.874+0000][gc            ] GC(5) Pause Remark 146M->146M(1024M) 4.460ms
[2022-12-19T11:13:31.874+0000][gc,cpu        ] GC(5) User=0.00s Sys=0.00s Real=0.01s
[2022-12-19T11:13:31.874+0000][gc,marking    ] GC(5) Concurrent Rebuild Remembered Sets
[2022-12-19T11:13:31.892+0000][gc,marking    ] GC(5) Concurrent Rebuild Remembered Sets 18.306ms
[2022-12-19T11:13:31.893+0000][gc,start      ] GC(5) Pause Cleanup
[2022-12-19T11:13:31.893+0000][gc            ] GC(5) Pause Cleanup 147M->147M(1024M) 0.249ms
[2022-12-19T11:13:31.893+0000][gc,cpu        ] GC(5) User=0.00s Sys=0.00s Real=0.00s
[2022-12-19T11:13:31.893+0000][gc,marking    ] GC(5) Concurrent Cleanup for Next Mark
[2022-12-19T11:13:31.905+0000][gc,marking    ] GC(5) Concurrent Cleanup for Next Mark 11.610ms
[2022-12-19T11:13:31.905+0000][gc            ] GC(5) Concurrent Cycle 76.839ms
[2022-12-19T11:36:53.945+0000][gc,start      ] GC(6) Pause Young (Concurrent Start) (G1 Evacuation Pause)
[2022-12-19T11:36:53.946+0000][gc,task       ] GC(6) Using 4 workers of 4 for evacuation
[2022-12-19T11:36:54.104+0000][gc,mmu        ] GC(6) MMU target violated: 21.0ms (20.0ms/21.0ms)
[2022-12-19T11:36:54.104+0000][gc,phases     ] GC(6)   Pre Evacuate Collection Set: 8.3ms
[2022-12-19T11:36:54.104+0000][gc,phases     ] GC(6)   Evacuate Collection Set: 58.8ms
[2022-12-19T11:36:54.104+0000][gc,phases     ] GC(6)   Post Evacuate Collection Set: 2.3ms
[2022-12-19T11:36:54.104+0000][gc,phases     ] GC(6)   Other: 92.8ms
[2022-12-19T11:36:54.104+0000][gc,heap       ] GC(6) Eden regions: 49->0(47)
[2022-12-19T11:36:54.104+0000][gc,heap       ] GC(6) Survivor regions: 2->4(7)
[2022-12-19T11:36:54.104+0000][gc,heap       ] GC(6) Old regions: 13->13
[2022-12-19T11:36:54.104+0000][gc,heap       ] GC(6) Humongous regions: 129->129
[2022-12-19T11:36:54.104+0000][gc,metaspace  ] GC(6) Metaspace: 40791K(43084K)->40791K(43084K) NonClass: 35515K(36608K)->35515K(36608K) Class: 5275K(6476K)->5275K(6476K)
[2022-12-19T11:36:54.104+0000][gc            ] GC(6) Pause Young (Concurrent Start) (G1 Evacuation Pause) 191M->143M(1024M) 159.695ms
[2022-12-19T11:36:54.104+0000][gc,cpu        ] GC(6) User=0.01s Sys=0.07s Real=0.16s
[2022-12-19T11:36:54.105+0000][gc            ] GC(7) Concurrent Cycle
[2022-12-19T11:36:54.105+0000][gc,marking    ] GC(7) Concurrent Clear Claimed Marks
[2022-12-19T11:36:54.106+0000][gc,marking    ] GC(7) Concurrent Clear Claimed Marks 1.139ms
[2022-12-19T11:36:54.106+0000][gc,marking    ] GC(7) Concurrent Scan Root Regions
[2022-12-19T11:36:54.132+0000][gc,marking    ] GC(7) Concurrent Scan Root Regions 26.348ms
[2022-12-19T11:36:54.132+0000][gc,marking    ] GC(7) Concurrent Mark (1405.944s)
[2022-12-19T11:36:54.132+0000][gc,marking    ] GC(7) Concurrent Mark From Roots
[2022-12-19T11:36:54.132+0000][gc,task       ] GC(7) Using 1 workers of 1 for marking
[2022-12-19T11:36:54.253+0000][gc,marking    ] GC(7) Concurrent Mark From Roots 120.922ms
[2022-12-19T11:36:54.253+0000][gc,marking    ] GC(7) Concurrent Preclean
[2022-12-19T11:36:54.254+0000][gc,marking    ] GC(7) Concurrent Preclean 0.453ms
[2022-12-19T11:36:54.254+0000][gc,marking    ] GC(7) Concurrent Mark (1405.944s, 1406.066s) 121.457ms
[2022-12-19T11:36:54.254+0000][gc,start      ] GC(7) Pause Remark
[2022-12-19T11:36:54.454+0000][gc,stringtable] GC(7) Cleaned string and symbol table, strings: 11087 processed, 286 removed, symbols: 91004 processed, 6 removed
[2022-12-19T11:36:54.455+0000][gc,mmu        ] GC(7) MMU target violated: 21.0ms (20.0ms/21.0ms)
[2022-12-19T11:36:54.455+0000][gc            ] GC(7) Pause Remark 145M->145M(1024M) 200.885ms
[2022-12-19T11:36:54.455+0000][gc,cpu        ] GC(7) User=0.05s Sys=0.04s Real=0.20s
[2022-12-19T11:36:54.455+0000][gc,marking    ] GC(7) Concurrent Rebuild Remembered Sets
[2022-12-19T11:36:54.464+0000][gc,marking    ] GC(7) Concurrent Rebuild Remembered Sets 9.330ms
[2022-12-19T11:36:54.465+0000][gc,start      ] GC(7) Pause Cleanup
[2022-12-19T11:36:54.465+0000][gc            ] GC(7) Pause Cleanup 145M->145M(1024M) 0.596ms
[2022-12-19T11:36:54.465+0000][gc,cpu        ] GC(7) User=0.00s Sys=0.00s Real=0.00s
[2022-12-19T11:36:54.465+0000][gc,marking    ] GC(7) Concurrent Cleanup for Next Mark
[2022-12-19T11:36:54.557+0000][gc,marking    ] GC(7) Concurrent Cleanup for Next Mark 91.669ms
[2022-12-19T11:36:54.557+0000][gc            ] GC(7) Concurrent Cycle 452.606ms
