[2022-12-19T11:12:52.546+0000][gc,heap] Heap region size: 1M
[2022-12-19T11:12:52.552+0000][gc     ] Using G1
[2022-12-19T11:12:52.552+0000][gc,heap,coops] Heap address: 0x00000000e0000000, size: 512 MB, Compressed Oops mode: 32-bit
[2022-12-19T11:12:52.552+0000][gc,cds       ] Mark closed archive regions in map: [0x00000000fff00000, 0x00000000fff6aff8]
[2022-12-19T11:12:52.552+0000][gc,cds       ] Mark open archive regions in map: [0x00000000ffe00000, 0x00000000ffe47ff8]
[2022-12-19T11:12:53.401+0000][gc,start     ] GC(0) Pause Young (Normal) (G1 Evacuation Pause)
[2022-12-19T11:12:53.402+0000][gc,task      ] GC(0) Using 4 workers of 4 for evacuation
[2022-12-19T11:12:53.414+0000][gc,phases    ] GC(0)   Pre Evacuate Collection Set: 0.0ms
[2022-12-19T11:12:53.414+0000][gc,phases    ] GC(0)   Evacuate Collection Set: 11.9ms
[2022-12-19T11:12:53.414+0000][gc,phases    ] GC(0)   Post Evacuate Collection Set: 0.4ms
[2022-12-19T11:12:53.414+0000][gc,phases    ] GC(0)   Other: 0.5ms
[2022-12-19T11:12:53.414+0000][gc,heap      ] GC(0) Eden regions: 25->0(21)
[2022-12-19T11:12:53.414+0000][gc,heap      ] GC(0) Survivor regions: 0->4(4)
[2022-12-19T11:12:53.414+0000][gc,heap      ] GC(0) Old regions: 2->5
[2022-12-19T11:12:53.414+0000][gc,heap      ] GC(0) Humongous regions: 0->0
[2022-12-19T11:12:53.414+0000][gc,metaspace ] GC(0) Metaspace: 7372K(7936K)->7372K(7936K) NonClass: 6547K(6912K)->6547K(6912K) Class: 824K(1024K)->824K(1024K)
[2022-12-19T11:12:53.414+0000][gc           ] GC(0) Pause Young (Normal) (G1 Evacuation Pause) 25M->7M(512M) 12.880ms
[2022-12-19T11:12:53.414+0000][gc,cpu       ] GC(0) User=0.03s Sys=0.02s Real=0.02s
